mode: set
github.com/mmk31585/url-shortener/internal/logger/logger.go:8.35,11.13 2 1
github.com/mmk31585/url-shortener/internal/logger/logger.go:12.20,16.5 1 1
github.com/mmk31585/url-shortener/internal/logger/logger.go:17.21,21.5 1 1
github.com/mmk31585/url-shortener/internal/logger/logger.go:22.10,26.5 1 1
github.com/mmk31585/url-shortener/internal/logger/logger.go:28.2,28.26 1 1
github.com/mmk31585/url-shortener/internal/config/config.go:28.30,30.16 2 1
github.com/mmk31585/url-shortener/internal/config/config.go:30.16,32.3 1 0
github.com/mmk31585/url-shortener/internal/config/config.go:33.2,45.16 11 1
github.com/mmk31585/url-shortener/internal/config/config.go:45.16,47.3 1 1
github.com/mmk31585/url-shortener/internal/config/config.go:48.2,48.49 1 1
github.com/mmk31585/url-shortener/internal/config/config.go:48.49,50.3 1 1
github.com/mmk31585/url-shortener/internal/config/config.go:51.2,51.16 1 1
github.com/mmk31585/url-shortener/internal/config/config.go:51.16,53.3 1 1
github.com/mmk31585/url-shortener/internal/config/config.go:54.2,54.21 1 1
github.com/mmk31585/url-shortener/internal/config/config.go:54.21,55.29 1 1
github.com/mmk31585/url-shortener/internal/config/config.go:55.29,57.4 1 1
github.com/mmk31585/url-shortener/internal/config/config.go:57.9,59.4 1 1
github.com/mmk31585/url-shortener/internal/config/config.go:61.2,75.8 2 1
github.com/mmk31585/url-shortener/internal/config/config.go:78.25,80.19 2 1
github.com/mmk31585/url-shortener/internal/config/config.go:80.19,82.3 1 0
github.com/mmk31585/url-shortener/internal/config/config.go:84.2,85.16 2 1
github.com/mmk31585/url-shortener/internal/config/config.go:85.16,87.3 1 0
github.com/mmk31585/url-shortener/internal/config/config.go:89.2,90.16 2 1
github.com/mmk31585/url-shortener/internal/config/config.go:90.16,91.25 1 1
github.com/mmk31585/url-shortener/internal/config/config.go:91.25,93.4 1 1
github.com/mmk31585/url-shortener/internal/config/config.go:94.3,94.13 1 0
github.com/mmk31585/url-shortener/internal/config/config.go:96.2,99.21 3 1
github.com/mmk31585/url-shortener/internal/config/config.go:99.21,101.49 2 1
github.com/mmk31585/url-shortener/internal/config/config.go:101.49,102.12 1 1
github.com/mmk31585/url-shortener/internal/config/config.go:105.3,106.22 2 1
github.com/mmk31585/url-shortener/internal/config/config.go:106.22,107.12 1 1
github.com/mmk31585/url-shortener/internal/config/config.go:110.3,113.71 3 1
github.com/mmk31585/url-shortener/internal/config/config.go:113.71,115.4 1 1
github.com/mmk31585/url-shortener/internal/config/config.go:115.9,115.80 1 1
github.com/mmk31585/url-shortener/internal/config/config.go:115.80,117.4 1 1
github.com/mmk31585/url-shortener/internal/config/config.go:119.3,119.28 1 1
github.com/mmk31585/url-shortener/internal/config/config.go:122.2,122.22 1 1
github.com/mmk31585/url-shortener/internal/config/config.go:125.52,127.9 2 1
github.com/mmk31585/url-shortener/internal/config/config.go:127.9,129.3 1 1
github.com/mmk31585/url-shortener/internal/config/config.go:130.2,130.12 1 1
github.com/mmk31585/url-shortener/internal/config/config.go:133.43,135.9 2 1
github.com/mmk31585/url-shortener/internal/config/config.go:135.9,137.3 1 1
github.com/mmk31585/url-shortener/internal/config/config.go:138.2,139.16 2 1
github.com/mmk31585/url-shortener/internal/config/config.go:139.16,141.3 1 1
github.com/mmk31585/url-shortener/internal/config/config.go:142.2,142.17 1 1
github.com/mmk31585/url-shortener/cmd/api/main.go:13.13,16.16 3 0
github.com/mmk31585/url-shortener/cmd/api/main.go:16.16,18.3 1 0
github.com/mmk31585/url-shortener/cmd/api/main.go:20.2,24.16 4 0
github.com/mmk31585/url-shortener/cmd/api/main.go:24.16,27.3 2 0
github.com/mmk31585/url-shortener/cmd/api/main.go:28.2,30.47 2 0
github.com/mmk31585/url-shortener/internal/repository/mock/url.go:16.40,21.2 1 0
github.com/mmk31585/url-shortener/internal/repository/mock/url.go:23.60,24.9 1 0
github.com/mmk31585/url-shortener/internal/repository/mock/url.go:25.28,26.13 1 0
github.com/mmk31585/url-shortener/internal/repository/mock/url.go:27.20,28.19 1 0
github.com/mmk31585/url-shortener/internal/repository/mock/url.go:32.35,34.2 1 0
github.com/mmk31585/url-shortener/internal/repository/mock/url.go:36.91,37.39 1 0
github.com/mmk31585/url-shortener/internal/repository/mock/url.go:37.39,39.3 1 0
github.com/mmk31585/url-shortener/internal/repository/mock/url.go:40.2,42.27 2 0
github.com/mmk31585/url-shortener/internal/repository/mock/url.go:42.27,43.35 1 0
github.com/mmk31585/url-shortener/internal/repository/mock/url.go:43.35,45.4 1 0
github.com/mmk31585/url-shortener/internal/repository/mock/url.go:48.2,59.21 5 0
github.com/mmk31585/url-shortener/internal/repository/mock/url.go:62.105,63.39 1 0
github.com/mmk31585/url-shortener/internal/repository/mock/url.go:63.39,65.3 1 0
github.com/mmk31585/url-shortener/internal/repository/mock/url.go:66.2,68.27 2 0
github.com/mmk31585/url-shortener/internal/repository/mock/url.go:68.27,69.48 1 0
github.com/mmk31585/url-shortener/internal/repository/mock/url.go:69.48,72.4 2 0
github.com/mmk31585/url-shortener/internal/repository/mock/url.go:74.2,74.35 1 0
github.com/mmk31585/url-shortener/internal/repository/mock/url.go:77.75,78.39 1 0
github.com/mmk31585/url-shortener/internal/repository/mock/url.go:78.39,80.3 1 0
github.com/mmk31585/url-shortener/internal/repository/mock/url.go:81.2,84.27 3 0
github.com/mmk31585/url-shortener/internal/repository/mock/url.go:84.27,85.25 1 0
github.com/mmk31585/url-shortener/internal/repository/mock/url.go:85.25,87.4 1 0
github.com/mmk31585/url-shortener/internal/repository/mock/url.go:89.2,89.19 1 0
github.com/mmk31585/url-shortener/internal/repository/mock/url.go:89.19,91.3 1 0
github.com/mmk31585/url-shortener/internal/repository/mock/url.go:92.2,92.20 1 0
github.com/mmk31585/url-shortener/internal/repository/mock/url.go:95.104,96.39 1 0
github.com/mmk31585/url-shortener/internal/repository/mock/url.go:96.39,98.3 1 0
github.com/mmk31585/url-shortener/internal/repository/mock/url.go:99.2,101.27 2 0
github.com/mmk31585/url-shortener/internal/repository/mock/url.go:101.27,102.57 1 0
github.com/mmk31585/url-shortener/internal/repository/mock/url.go:102.57,105.4 2 0
github.com/mmk31585/url-shortener/internal/repository/mock/url.go:107.2,107.35 1 0
github.com/mmk31585/url-shortener/internal/repository/mock/url.go:110.91,111.39 1 0
github.com/mmk31585/url-shortener/internal/repository/mock/url.go:111.39,113.3 1 0
github.com/mmk31585/url-shortener/internal/repository/mock/url.go:114.2,116.27 2 0
github.com/mmk31585/url-shortener/internal/repository/mock/url.go:116.27,117.57 1 0
github.com/mmk31585/url-shortener/internal/repository/mock/url.go:117.57,122.4 4 0
github.com/mmk31585/url-shortener/internal/repository/mock/url.go:124.2,124.35 1 0
github.com/mmk31585/url-shortener/internal/repository/mock/url.go:127.101,128.39 1 0
github.com/mmk31585/url-shortener/internal/repository/mock/url.go:128.39,130.3 1 0
github.com/mmk31585/url-shortener/internal/repository/mock/url.go:131.2,133.27 2 0
github.com/mmk31585/url-shortener/internal/repository/mock/url.go:133.27,134.48 1 0
github.com/mmk31585/url-shortener/internal/repository/mock/url.go:134.48,139.4 4 0
github.com/mmk31585/url-shortener/internal/repository/mock/url.go:141.2,141.35 1 0
github.com/mmk31585/url-shortener/internal/repository/mock/url.go:144.113,145.39 1 0
github.com/mmk31585/url-shortener/internal/repository/mock/url.go:145.39,147.3 1 0
github.com/mmk31585/url-shortener/internal/repository/mock/url.go:148.2,150.27 2 0
github.com/mmk31585/url-shortener/internal/repository/mock/url.go:150.27,151.48 1 0
github.com/mmk31585/url-shortener/internal/repository/mock/url.go:151.48,156.4 4 0
github.com/mmk31585/url-shortener/internal/repository/mock/url.go:158.2,158.35 1 0
github.com/mmk31585/url-shortener/internal/db/postgres.go:15.39,18.16 2 0
github.com/mmk31585/url-shortener/internal/db/postgres.go:18.16,20.3 1 0
github.com/mmk31585/url-shortener/internal/db/postgres.go:22.2,26.16 4 0
github.com/mmk31585/url-shortener/internal/db/postgres.go:26.16,28.3 1 0
github.com/mmk31585/url-shortener/internal/db/postgres.go:30.2,34.16 4 0
github.com/mmk31585/url-shortener/internal/db/postgres.go:34.16,36.3 1 0
github.com/mmk31585/url-shortener/internal/db/postgres.go:37.2,39.16 2 0
github.com/mmk31585/url-shortener/internal/storage/storage.go:16.51,18.16 2 0
github.com/mmk31585/url-shortener/internal/storage/storage.go:18.16,20.3 1 0
github.com/mmk31585/url-shortener/internal/storage/storage.go:21.2,21.57 1 0
github.com/mmk31585/url-shortener/internal/storage/storage.go:21.57,24.3 2 0
github.com/mmk31585/url-shortener/internal/storage/storage.go:25.2,25.36 1 0
github.com/mmk31585/url-shortener/internal/storage/storage.go:27.32,29.2 1 0
github.com/mmk31585/url-shortener/internal/storage/storage.go:31.33,33.2 1 0
github.com/mmk31585/url-shortener/internal/repository/postgres/url.go:22.66,24.2 1 1
github.com/mmk31585/url-shortener/internal/repository/postgres/url.go:26.75,33.2 3 1
github.com/mmk31585/url-shortener/internal/repository/postgres/url.go:35.32,36.35 1 1
github.com/mmk31585/url-shortener/internal/repository/postgres/url.go:36.35,38.3 1 1
github.com/mmk31585/url-shortener/internal/repository/postgres/url.go:39.2,39.12 1 0
github.com/mmk31585/url-shortener/internal/repository/postgres/url.go:42.104,44.2 1 1
github.com/mmk31585/url-shortener/internal/repository/postgres/url.go:46.99,58.16 6 1
github.com/mmk31585/url-shortener/internal/repository/postgres/url.go:58.16,60.54 2 1
github.com/mmk31585/url-shortener/internal/repository/postgres/url.go:60.54,62.4 1 1
github.com/mmk31585/url-shortener/internal/repository/postgres/url.go:63.3,63.70 1 0
github.com/mmk31585/url-shortener/internal/repository/postgres/url.go:65.2,65.20 1 1
github.com/mmk31585/url-shortener/internal/repository/postgres/url.go:68.113,78.16 5 1
github.com/mmk31585/url-shortener/internal/repository/postgres/url.go:78.16,80.3 1 1
github.com/mmk31585/url-shortener/internal/repository/postgres/url.go:81.2,81.17 1 1
github.com/mmk31585/url-shortener/internal/repository/postgres/url.go:84.83,95.16 5 1
github.com/mmk31585/url-shortener/internal/repository/postgres/url.go:95.16,97.3 1 0
github.com/mmk31585/url-shortener/internal/repository/postgres/url.go:98.2,101.18 3 1
github.com/mmk31585/url-shortener/internal/repository/postgres/url.go:101.18,103.17 2 1
github.com/mmk31585/url-shortener/internal/repository/postgres/url.go:103.17,105.4 1 0
github.com/mmk31585/url-shortener/internal/repository/postgres/url.go:106.3,106.26 1 1
github.com/mmk31585/url-shortener/internal/repository/postgres/url.go:108.2,108.35 1 1
github.com/mmk31585/url-shortener/internal/repository/postgres/url.go:108.35,110.3 1 0
github.com/mmk31585/url-shortener/internal/repository/postgres/url.go:111.2,111.17 1 1
github.com/mmk31585/url-shortener/internal/repository/postgres/url.go:111.17,113.3 1 1
github.com/mmk31585/url-shortener/internal/repository/postgres/url.go:114.2,114.18 1 1
github.com/mmk31585/url-shortener/internal/repository/postgres/url.go:117.112,127.16 5 1
github.com/mmk31585/url-shortener/internal/repository/postgres/url.go:127.16,129.3 1 1
github.com/mmk31585/url-shortener/internal/repository/postgres/url.go:130.2,130.17 1 1
github.com/mmk31585/url-shortener/internal/repository/postgres/url.go:133.99,144.16 5 1
github.com/mmk31585/url-shortener/internal/repository/postgres/url.go:144.16,146.3 1 1
github.com/mmk31585/url-shortener/internal/repository/postgres/url.go:147.2,147.20 1 1
github.com/mmk31585/url-shortener/internal/repository/postgres/url.go:150.109,161.16 5 1
github.com/mmk31585/url-shortener/internal/repository/postgres/url.go:161.16,163.3 1 1
github.com/mmk31585/url-shortener/internal/repository/postgres/url.go:164.2,164.17 1 1
github.com/mmk31585/url-shortener/internal/repository/postgres/url.go:167.121,178.16 5 1
github.com/mmk31585/url-shortener/internal/repository/postgres/url.go:178.16,180.3 1 1
github.com/mmk31585/url-shortener/internal/repository/postgres/url.go:181.2,181.17 1 1
